[2026-09-21 21:45:43,536] INFO [QuorumController id=2] Replayed PartitionRecord for new partition product-created-event-topic-dlt-0 with topic ID 4bVmAhALRWu-UgLHHPIDeQ and PartitionRegistration(replicas=[1], directories=[8npzCyvqXov_3aNaBmS0QA], isr=[1], removingReplicas=[], addingReplicas=[], elr=[], lastKnownElr=[], leader=1, leaderRecoveryState=RECOVERED, leaderEpoch=0, partitionEpoch=0). (org.apache.kafka.controller.ReplicationControlManager)
[2026-09-21 21:45:43,528] INFO [QuorumController id=3] Replayed TopicRecord for topic product-created-event-topic-dlt with topic ID 4bVmAhALRWu-UgLHHPIDeQ. (org.apache.kafka.controller.ReplicationControlManager)
[2026-09-21 21:45:43,539] INFO [QuorumController id=3] Replayed PartitionRecord for new partition product-created-event-topic-dlt-0 with topic ID 4bVmAhALRWu-UgLHHPIDeQ and PartitionRegistration(replicas=[1], directories=[8npzCyvqXov_3aNaBmS0QA], isr=[1], removingReplicas=[], addingReplicas=[], elr=[], lastKnownElr=[], leader=1, leaderRecoveryState=RECOVERED, leaderEpoch=0, partitionEpoch=0). (org.apache.kafka.controller.ReplicationControlManager)
[2026-09-21 21:46:23,231] INFO [QuorumController id=1] In the last 60000 ms period, 382 controller events were completed, which took an average of 13.07 ms each. The slowest event was writeNoOpRecord(6186893), which took 101.40 ms. (org.apache.kafka.controller.EventPerformanceMonitor)
[2026-09-21 21:47:22,679] INFO [QuorumController id=1] Periodic task electPreferred generated 0 records in 243 microseconds. (org.apache.kafka.controller.PeriodicTaskControlManager)
[2026-09-21 21:47:22,680] INFO [QuorumController id=1] Periodic task electUnclean generated 0 records in 22 microseconds. (org.apache.kafka.controller.PeriodicTaskControlManager)
[2026-09-21 21:47:23,233] INFO [QuorumController id=1] In the last 60000 ms period, 383 controller events were completed, which took an average of 14.50 ms each. The slowest event was writeNoOpRecord(325981767), which took 88.04 ms. (org.apache.kafka.controller.EventPerformanceMonitor)
[2026-09-21 21:48:23,235] INFO [QuorumController id=1] In the last 60000 ms period, 380 controller events were completed, which took an average of 14.27 ms each. The slowest event was writeNoOpRecord(1113349431), which took 49.63 ms. (org.apache.kafka.controller.EventPerformanceMonitor)
[2026-09-21 21:49:23,247] INFO [QuorumController id=1] In the last 60000 ms period, 380 controller events were completed, which took an average of 12.89 ms each. The slowest event was writeNoOpRecord(600740990), which took 155.77 ms. (org.apache.kafka.controller.EventPerformanceMonitor)
[2026-09-21 21:50:23,252] INFO [QuorumController id=1] In the last 60000 ms period, 380 controller events were completed, which took an average of 13.75 ms each. The slowest event was writeNoOpRecord(1704259771), which took 81.75 ms. (org.apache.kafka.controller.EventPerformanceMonitor)
[2026-09-21 21:51:08,113] INFO [QuorumController id=1] CreateTopics result(s): CreatableTopic(name='product-created-events-topic-dlt', numPartitions=1, replicationFactor=1, assignments=[], configs=[]): SUCCESS (org.apache.kafka.controller.ReplicationControlManager)
[2026-09-21 21:51:08,114] INFO [QuorumController id=1] Replayed TopicRecord for topic product-created-events-topic-dlt with topic ID cVVKuwJ1QaW6_e1qX0QhUA. (org.apache.kafka.controller.ReplicationControlManager)
[2026-09-21 21:51:08,114] INFO [QuorumController id=1] Replayed PartitionRecord for new partition product-created-events-topic-dlt-0 with topic ID cVVKuwJ1QaW6_e1qX0QhUA and PartitionRegistration(replicas=[1], directories=[8npzCyvqXov_3aNaBmS0QA], isr=[1], removingReplicas=[], addingReplicas=[], elr=[], lastKnownElr=[], leader=1, leaderRecoveryState=RECOVERED, leaderEpoch=0, partitionEpoch=0). (org.apache.kafka.controller.ReplicationControlManager)
[2026-09-21 21:51:08,148] INFO [QuorumController id=2] Replayed TopicRecord for topic product-created-events-topic-dlt with topic ID cVVKuwJ1QaW6_e1qX0QhUA. (org.apache.kafka.controller.ReplicationControlManager)
[2026-09-21 21:51:08,148] INFO [QuorumController id=2] Replayed PartitionRecord for new partition product-created-events-topic-dlt-0 with topic ID cVVKuwJ1QaW6_e1qX0QhUA and PartitionRegistration(replicas=[1], directories=[8npzCyvqXov_3aNaBmS0QA], isr=[1], removingReplicas=[], addingReplicas=[], elr=[], lastKnownElr=[], leader=1, leaderRecoveryState=RECOVERED, leaderEpoch=0, partitionEpoch=0). (org.apache.kafka.controller.ReplicationControlManager)
[2026-09-21 21:51:08,148] INFO [QuorumController id=3] Replayed TopicRecord for topic product-created-events-topic-dlt with topic ID cVVKuwJ1QaW6_e1qX0QhUA. (org.apache.kafka.controller.ReplicationControlManager)
[2026-09-21 21:51:08,149] INFO [QuorumController id=3] Replayed PartitionRecord for new partition product-created-events-topic-dlt-0 with topic ID cVVKuwJ1QaW6_e1qX0QhUA and PartitionRegistration(replicas=[1], directories=[8npzCyvqXov_3aNaBmS0QA], isr=[1], removingReplicas=[], addingReplicas=[], elr=[], lastKnownElr=[], leader=1, leaderRecoveryState=RECOVERED, leaderEpoch=0, partitionEpoch=0). (org.apache.kafka.controller.ReplicationControlManager)
[2026-09-21 21:51:23,262] INFO [QuorumController id=1] In the last 60000 ms period, 381 controller events were completed, which took an average of 15.77 ms each. The slowest event was writeNoOpRecord(70764033), which took 41.86 ms. (org.apache.kafka.controller.EventPerformanceMonitor)
[2026-09-21 21:52:22,687] INFO [QuorumController id=1] Periodic task electPreferred generated 0 records in 56 microseconds. (org.apache.kafka.controller.PeriodicTaskControlManager)
[2026-09-21 21:52:22,688] INFO [QuorumController id=1] Periodic task electUnclean generated 0 records in 21 microseconds. (org.apache.kafka.controller.PeriodicTaskControlManager)
[2026-09-21 21:52:23,267] INFO [QuorumController id=1] In the last 60000 ms period, 384 controller events were completed, which took an average of 13.79 ms each. The slowest event was writeNoOpRecord(633281415), which took 47.73 ms. (org.apache.kafka.controller.EventPerformanceMonitor)
[2026-09-21 21:53:23,367] INFO [QuorumController id=1] In the last 60000 ms period, 378 controller events were completed, which took an average of 13.96 ms each. The slowest event was writeNoOpRecord(1273926752), which took 41.47 ms. (org.apache.kafka.controller.EventPerformanceMonitor)
[2026-09-21 21:54:23,368] INFO [QuorumController id=1] In the last 60000 ms period, 379 controller events were completed, which took an average of 16.61 ms each. The slowest event was writeNoOpRecord(890009259), which took 89.17 ms. (org.apache.kafka.controller.EventPerformanceMonitor)
[2026-09-21 21:55:23,371] INFO [QuorumController id=1] In the last 60000 ms period, 380 controller events were completed, which took an average of 17.44 ms each. The slowest event was writeNoOpRecord(1200300124), which took 93.89 ms. (org.apache.kafka.controller.EventPerformanceMonitor)
[2026-09-21 21:56:23,388] INFO [QuorumController id=1] In the last 60000 ms period, 376 controller events were completed, which took an average of 17.62 ms each. The slowest event was writeNoOpRecord(1482787672), which took 44.52 ms. (org.apache.kafka.controller.EventPerformanceMonitor)
[2026-09-21 21:57:22,697] INFO [QuorumController id=1] Periodic task electPreferred generated 0 records in 28 microseconds. (org.apache.kafka.controller.PeriodicTaskControlManager)
[2026-09-21 21:57:22,697] INFO [QuorumController id=1] Periodic task electUnclean generated 0 records in 15 microseconds. (org.apache.kafka.controller.PeriodicTaskControlManager)
[2026-09-21 21:57:23,398] INFO [QuorumController id=1] In the last 60000 ms period, 384 controller events were completed, which took an average of 15.40 ms each. The slowest event was writeNoOpRecord(245073205), which took 89.04 ms. (org.apache.kafka.controller.EventPerformanceMonitor)
