[2026-09-21 21:12:28,275] INFO [SnapshotGenerator id=3] Creating new KRaft snapshot file snapshot 00000000000000039435-0000000004 because we have waited at least 60 minute(s). (org.apache.kafka.image.publisher.SnapshotGenerator)
[2026-09-21 21:12:28,320] INFO [SnapshotEmitter id=3] Successfully wrote snapshot 00000000000000039435-0000000004 (org.apache.kafka.image.publisher.SnapshotEmitter)
[2026-09-21 21:45:16,451] INFO [GroupCoordinator id=2 topic=__consumer_offsets partition=31] [Group product-event-consumer] Member consumer-product-event-consumer-1-c5f23857-1a0f-4d42-a75f-1302bdad8258 has left group through explicit `LeaveGroup` request; client reason: the consumer unsubscribed from all topics (org.apache.kafka.coordinator.group.GroupMetadataManager)
[2026-09-21 21:45:16,453] INFO [GroupCoordinator id=2 topic=__consumer_offsets partition=31] Preparing to rebalance group product-event-consumer in state PreparingRebalance with old generation 23 (reason: explicit `LeaveGroup` request for (consumer-product-event-consumer-1-c5f23857-1a0f-4d42-a75f-1302bdad8258) members.). (org.apache.kafka.coordinator.group.GroupMetadataManager)
[2026-09-21 21:45:16,454] INFO [GroupCoordinator id=2 topic=__consumer_offsets partition=31] Group product-event-consumer with generation 24 is now empty. (org.apache.kafka.coordinator.group.GroupMetadataManager)
[2026-09-21 21:45:28,054] INFO [GroupCoordinator id=2 topic=__consumer_offsets partition=31] Dynamic member with unknown member id joins group product-event-consumer in Empty state. Created a new member id consumer-product-event-consumer-1-dacbf6d2-5dcf-41ba-8476-fc3febddbe0f and requesting the member to rejoin with this id. (org.apache.kafka.coordinator.group.GroupMetadataManager)
[2026-09-21 21:45:28,058] INFO [GroupCoordinator id=2 topic=__consumer_offsets partition=31] Pending dynamic member with id consumer-product-event-consumer-1-dacbf6d2-5dcf-41ba-8476-fc3febddbe0f joins group product-event-consumer in Empty state. Adding to the group now. (org.apache.kafka.coordinator.group.GroupMetadataManager)
[2026-09-21 21:45:28,059] INFO [GroupCoordinator id=2 topic=__consumer_offsets partition=31] Preparing to rebalance group product-event-consumer in state PreparingRebalance with old generation 24 (reason: Adding new member consumer-product-event-consumer-1-dacbf6d2-5dcf-41ba-8476-fc3febddbe0f with group instance id null; client reason: need to re-join with the given member-id: consumer-product-event-consumer-1-dacbf6d2-5dcf-41ba-8476-fc3febddbe0f). (org.apache.kafka.coordinator.group.GroupMetadataManager)
[2026-09-21 21:45:31,061] INFO [GroupCoordinator id=2 topic=__consumer_offsets partition=31] Stabilized group product-event-consumer generation 25 with 1 members. (org.apache.kafka.coordinator.group.GroupMetadataManager)
[2026-09-21 21:45:31,093] INFO [GroupCoordinator id=2 topic=__consumer_offsets partition=31] Assignment received from leader consumer-product-event-consumer-1-dacbf6d2-5dcf-41ba-8476-fc3febddbe0f for group product-event-consumer for generation 25. The group has 1 members, 0 of which are static. (org.apache.kafka.coordinator.group.GroupMetadataManager)
[2026-09-21 21:45:43,440] INFO Sent auto-creation request for Set(product-created-event-topic-dlt) to the active controller. (kafka.server.DefaultAutoTopicCreationManager)
[2026-09-21 21:45:43,538] INFO [ReplicaFetcherManager on broker 1] Removed fetcher for partitions Set(product-created-event-topic-dlt-0) (kafka.server.ReplicaFetcherManager)
[2026-09-21 21:45:43,563] INFO [LogLoader partition=product-created-event-topic-dlt-0, dir=D:\tmp\server-1\kraft-combined-logs] Loading producer state till offset 0 (org.apache.kafka.storage.internals.log.UnifiedLog)
[2026-09-21 21:45:43,570] INFO Created log for partition product-created-event-topic-dlt-0 in D:\tmp\server-1\kraft-combined-logs\product-created-event-topic-dlt-0 with properties {} (kafka.log.LogManager)
[2026-09-21 21:45:43,603] INFO [Partition product-created-event-topic-dlt-0 broker=1] No checkpointed highwatermark is found for partition product-created-event-topic-dlt-0 (kafka.cluster.Partition)
[2026-09-21 21:45:43,603] INFO [Partition product-created-event-topic-dlt-0 broker=1] Log loaded for partition product-created-event-topic-dlt-0 with initial high watermark 0 (kafka.cluster.Partition)
[2026-09-21 21:46:08,235] INFO [GroupCoordinator id=2 topic=__consumer_offsets partition=31] [Group product-event-consumer] Member consumer-product-event-consumer-1-dacbf6d2-5dcf-41ba-8476-fc3febddbe0f has left group through explicit `LeaveGroup` request; client reason: the consumer unsubscribed from all topics (org.apache.kafka.coordinator.group.GroupMetadataManager)
[2026-09-21 21:46:08,236] INFO [GroupCoordinator id=2 topic=__consumer_offsets partition=31] Preparing to rebalance group product-event-consumer in state PreparingRebalance with old generation 25 (reason: explicit `LeaveGroup` request for (consumer-product-event-consumer-1-dacbf6d2-5dcf-41ba-8476-fc3febddbe0f) members.). (org.apache.kafka.coordinator.group.GroupMetadataManager)
[2026-09-21 21:46:08,237] INFO [GroupCoordinator id=2 topic=__consumer_offsets partition=31] Group product-event-consumer with generation 26 is now empty. (org.apache.kafka.coordinator.group.GroupMetadataManager)
[2026-09-21 21:50:02,735] INFO [GroupCoordinator id=2 topic=__consumer_offsets partition=31] Dynamic member with unknown member id joins group product-event-consumer in Empty state. Created a new member id consumer-product-event-consumer-1-a0c72c9d-2084-47de-ba70-7b28a8bf378e and requesting the member to rejoin with this id. (org.apache.kafka.coordinator.group.GroupMetadataManager)
[2026-09-21 21:50:02,740] INFO [GroupCoordinator id=2 topic=__consumer_offsets partition=31] Pending dynamic member with id consumer-product-event-consumer-1-a0c72c9d-2084-47de-ba70-7b28a8bf378e joins group product-event-consumer in Empty state. Adding to the group now. (org.apache.kafka.coordinator.group.GroupMetadataManager)
[2026-09-21 21:50:02,740] INFO [GroupCoordinator id=2 topic=__consumer_offsets partition=31] Preparing to rebalance group product-event-consumer in state PreparingRebalance with old generation 26 (reason: Adding new member consumer-product-event-consumer-1-a0c72c9d-2084-47de-ba70-7b28a8bf378e with group instance id null; client reason: need to re-join with the given member-id: consumer-product-event-consumer-1-a0c72c9d-2084-47de-ba70-7b28a8bf378e). (org.apache.kafka.coordinator.group.GroupMetadataManager)
[2026-09-21 21:50:05,750] INFO [GroupCoordinator id=2 topic=__consumer_offsets partition=31] Stabilized group product-event-consumer generation 27 with 1 members. (org.apache.kafka.coordinator.group.GroupMetadataManager)
[2026-09-21 21:50:05,770] INFO [GroupCoordinator id=2 topic=__consumer_offsets partition=31] Assignment received from leader consumer-product-event-consumer-1-a0c72c9d-2084-47de-ba70-7b28a8bf378e for group product-event-consumer for generation 27. The group has 1 members, 0 of which are static. (org.apache.kafka.coordinator.group.GroupMetadataManager)
[2026-09-21 21:50:40,277] INFO [GroupCoordinator id=3 topic=__consumer_offsets partition=36] [Group console-consumer-92446] Member console-consumer-b014d4cc-aa7e-407a-8f9f-16c6f6673e47 has left group through explicit `LeaveGroup` request; client reason: the consumer is being closed (org.apache.kafka.coordinator.group.GroupMetadataManager)
[2026-09-21 21:50:40,279] INFO [GroupCoordinator id=3 topic=__consumer_offsets partition=36] Preparing to rebalance group console-consumer-92446 in state PreparingRebalance with old generation 1 (reason: explicit `LeaveGroup` request for (console-consumer-b014d4cc-aa7e-407a-8f9f-16c6f6673e47) members.). (org.apache.kafka.coordinator.group.GroupMetadataManager)
[2026-09-21 21:50:40,279] INFO [GroupCoordinator id=3 topic=__consumer_offsets partition=36] Group console-consumer-92446 with generation 2 is now empty. (org.apache.kafka.coordinator.group.GroupMetadataManager)
[2026-09-21 21:51:08,111] INFO Sent auto-creation request for Set(product-created-events-topic-dlt) to the active controller. (kafka.server.DefaultAutoTopicCreationManager)
[2026-09-21 21:51:08,148] INFO [ReplicaFetcherManager on broker 1] Removed fetcher for partitions Set(product-created-events-topic-dlt-0) (kafka.server.ReplicaFetcherManager)
[2026-09-21 21:51:08,159] INFO [LogLoader partition=product-created-events-topic-dlt-0, dir=D:\tmp\server-1\kraft-combined-logs] Loading producer state till offset 0 (org.apache.kafka.storage.internals.log.UnifiedLog)
[2026-09-21 21:51:08,161] INFO Created log for partition product-created-events-topic-dlt-0 in D:\tmp\server-1\kraft-combined-logs\product-created-events-topic-dlt-0 with properties {} (kafka.log.LogManager)
[2026-09-21 21:51:08,165] INFO [GroupCoordinator id=3 topic=__consumer_offsets partition=48] Dynamic member with unknown member id joins group console-consumer-72945 in Empty state. Created a new member id console-consumer-6079488c-ef66-42fa-b716-e4548540088b and requesting the member to rejoin with this id. (org.apache.kafka.coordinator.group.GroupMetadataManager)
[2026-09-21 21:51:08,173] INFO [GroupCoordinator id=3 topic=__consumer_offsets partition=48] Pending dynamic member with id console-consumer-6079488c-ef66-42fa-b716-e4548540088b joins group console-consumer-72945 in Empty state. Adding to the group now. (org.apache.kafka.coordinator.group.GroupMetadataManager)
[2026-09-21 21:51:08,174] INFO [GroupCoordinator id=3 topic=__consumer_offsets partition=48] Preparing to rebalance group console-consumer-72945 in state PreparingRebalance with old generation 0 (reason: Adding new member console-consumer-6079488c-ef66-42fa-b716-e4548540088b with group instance id null; client reason: need to re-join with the given member-id: console-consumer-6079488c-ef66-42fa-b716-e4548540088b). (org.apache.kafka.coordinator.group.GroupMetadataManager)
[2026-09-21 21:51:08,183] INFO [Partition product-created-events-topic-dlt-0 broker=1] No checkpointed highwatermark is found for partition product-created-events-topic-dlt-0 (kafka.cluster.Partition)
[2026-09-21 21:51:08,183] INFO [Partition product-created-events-topic-dlt-0 broker=1] Log loaded for partition product-created-events-topic-dlt-0 with initial high watermark 0 (kafka.cluster.Partition)
[2026-09-21 21:51:11,186] INFO [GroupCoordinator id=3 topic=__consumer_offsets partition=48] Stabilized group console-consumer-72945 generation 1 with 1 members. (org.apache.kafka.coordinator.group.GroupMetadataManager)
[2026-09-21 21:51:11,221] INFO [GroupCoordinator id=3 topic=__consumer_offsets partition=48] Assignment received from leader console-consumer-6079488c-ef66-42fa-b716-e4548540088b for group console-consumer-72945 for generation 1. The group has 1 members, 0 of which are static. (org.apache.kafka.coordinator.group.GroupMetadataManager)
[2026-09-21 21:51:12,253] INFO [GroupCoordinator id=3 topic=__consumer_offsets partition=48] [Group console-consumer-72945] Member console-consumer-6079488c-ef66-42fa-b716-e4548540088b has left group through explicit `LeaveGroup` request; client reason: the consumer is being closed (org.apache.kafka.coordinator.group.GroupMetadataManager)
[2026-09-21 21:51:12,253] INFO [GroupCoordinator id=3 topic=__consumer_offsets partition=48] Preparing to rebalance group console-consumer-72945 in state PreparingRebalance with old generation 1 (reason: explicit `LeaveGroup` request for (console-consumer-6079488c-ef66-42fa-b716-e4548540088b) members.). (org.apache.kafka.coordinator.group.GroupMetadataManager)
[2026-09-21 21:51:12,253] INFO [GroupCoordinator id=3 topic=__consumer_offsets partition=48] Group console-consumer-72945 with generation 2 is now empty. (org.apache.kafka.coordinator.group.GroupMetadataManager)
[2026-09-21 21:51:25,610] INFO [GroupCoordinator id=3 topic=__consumer_offsets partition=36] Dynamic member with unknown member id joins group console-consumer-77632 in Empty state. Created a new member id console-consumer-f913a406-430c-4f98-9c8d-42b2ec8f34f7 and requesting the member to rejoin with this id. (org.apache.kafka.coordinator.group.GroupMetadataManager)
[2026-09-21 21:51:25,613] INFO [GroupCoordinator id=3 topic=__consumer_offsets partition=36] Pending dynamic member with id console-consumer-f913a406-430c-4f98-9c8d-42b2ec8f34f7 joins group console-consumer-77632 in Empty state. Adding to the group now. (org.apache.kafka.coordinator.group.GroupMetadataManager)
[2026-09-21 21:51:25,613] INFO [GroupCoordinator id=3 topic=__consumer_offsets partition=36] Preparing to rebalance group console-consumer-77632 in state PreparingRebalance with old generation 0 (reason: Adding new member console-consumer-f913a406-430c-4f98-9c8d-42b2ec8f34f7 with group instance id null; client reason: need to re-join with the given member-id: console-consumer-f913a406-430c-4f98-9c8d-42b2ec8f34f7). (org.apache.kafka.coordinator.group.GroupMetadataManager)
[2026-09-21 21:51:28,614] INFO [GroupCoordinator id=3 topic=__consumer_offsets partition=36] Stabilized group console-consumer-77632 generation 1 with 1 members. (org.apache.kafka.coordinator.group.GroupMetadataManager)
[2026-09-21 21:51:28,646] INFO [GroupCoordinator id=3 topic=__consumer_offsets partition=36] Assignment received from leader console-consumer-f913a406-430c-4f98-9c8d-42b2ec8f34f7 for group console-consumer-77632 for generation 1. The group has 1 members, 0 of which are static. (org.apache.kafka.coordinator.group.GroupMetadataManager)
[2026-09-21 21:52:37,849] INFO [GroupCoordinator id=3 topic=__consumer_offsets partition=36] [Group console-consumer-77632] Member console-consumer-f913a406-430c-4f98-9c8d-42b2ec8f34f7 has left group through explicit `LeaveGroup` request; client reason: the consumer is being closed (org.apache.kafka.coordinator.group.GroupMetadataManager)
[2026-09-21 21:52:37,849] INFO [GroupCoordinator id=3 topic=__consumer_offsets partition=36] Preparing to rebalance group console-consumer-77632 in state PreparingRebalance with old generation 1 (reason: explicit `LeaveGroup` request for (console-consumer-f913a406-430c-4f98-9c8d-42b2ec8f34f7) members.). (org.apache.kafka.coordinator.group.GroupMetadataManager)
[2026-09-21 21:52:37,850] INFO [GroupCoordinator id=3 topic=__consumer_offsets partition=36] Group console-consumer-77632 with generation 2 is now empty. (org.apache.kafka.coordinator.group.GroupMetadataManager)
[2026-09-21 21:52:39,156] INFO [GroupCoordinator id=3 topic=__consumer_offsets partition=48] Generated 1 tombstone records while cleaning up group metadata in 0 milliseconds. (org.apache.kafka.coordinator.group.GroupCoordinatorShard)
[2026-09-21 21:52:39,156] INFO [GroupCoordinator id=3 topic=__consumer_offsets partition=36] Generated 2 tombstone records while cleaning up group metadata in 0 milliseconds. (org.apache.kafka.coordinator.group.GroupCoordinatorShard)
[2026-09-21 21:52:55,844] INFO [GroupCoordinator id=1 topic=__consumer_offsets partition=20] Dynamic member with unknown member id joins group console-consumer-92053 in Empty state. Created a new member id console-consumer-a9af6a10-c983-4e6e-8428-5d71f308cd2a and requesting the member to rejoin with this id. (org.apache.kafka.coordinator.group.GroupMetadataManager)
[2026-09-21 21:52:55,849] INFO [GroupCoordinator id=1 topic=__consumer_offsets partition=20] Pending dynamic member with id console-consumer-a9af6a10-c983-4e6e-8428-5d71f308cd2a joins group console-consumer-92053 in Empty state. Adding to the group now. (org.apache.kafka.coordinator.group.GroupMetadataManager)
[2026-09-21 21:52:55,850] INFO [GroupCoordinator id=1 topic=__consumer_offsets partition=20] Preparing to rebalance group console-consumer-92053 in state PreparingRebalance with old generation 0 (reason: Adding new member console-consumer-a9af6a10-c983-4e6e-8428-5d71f308cd2a with group instance id null; client reason: need to re-join with the given member-id: console-consumer-a9af6a10-c983-4e6e-8428-5d71f308cd2a). (org.apache.kafka.coordinator.group.GroupMetadataManager)
[2026-09-21 21:52:58,855] INFO [GroupCoordinator id=1 topic=__consumer_offsets partition=20] Stabilized group console-consumer-92053 generation 1 with 1 members. (org.apache.kafka.coordinator.group.GroupMetadataManager)
[2026-09-21 21:52:58,886] INFO [GroupCoordinator id=1 topic=__consumer_offsets partition=20] Assignment received from leader console-consumer-a9af6a10-c983-4e6e-8428-5d71f308cd2a for group console-consumer-92053 for generation 1. The group has 1 members, 0 of which are static. (org.apache.kafka.coordinator.group.GroupMetadataManager)
[2026-09-21 21:57:17,208] INFO [GroupCoordinator id=1 topic=__consumer_offsets partition=20] [Group console-consumer-92053] Member console-consumer-a9af6a10-c983-4e6e-8428-5d71f308cd2a has left group through explicit `LeaveGroup` request; client reason: the consumer is being closed (org.apache.kafka.coordinator.group.GroupMetadataManager)
[2026-09-21 21:57:17,210] INFO [GroupCoordinator id=1 topic=__consumer_offsets partition=20] Preparing to rebalance group console-consumer-92053 in state PreparingRebalance with old generation 1 (reason: explicit `LeaveGroup` request for (console-consumer-a9af6a10-c983-4e6e-8428-5d71f308cd2a) members.). (org.apache.kafka.coordinator.group.GroupMetadataManager)
[2026-09-21 21:57:17,210] INFO [GroupCoordinator id=1 topic=__consumer_offsets partition=20] Group console-consumer-92053 with generation 2 is now empty. (org.apache.kafka.coordinator.group.GroupMetadataManager)
