[2026-09-20 19:12:50,820] INFO [Broker id=3] Transitioning 20 partition(s) to local followers. (state.change.logger)
[2026-09-20 19:12:50,837] INFO [Broker id=3] Follower __consumer_offsets-16 starts at leader epoch 1 from offset 0 with partition epoch 1 and high watermark 0. Current leader is -1. Previous leader Some(-1) and previous leader epoch was 1. (state.change.logger)
[2026-09-20 19:12:50,838] INFO [Broker id=3] Follower __consumer_offsets-48 starts at leader epoch 1 from offset 0 with partition epoch 1 and high watermark 0. Current leader is -1. Previous leader Some(-1) and previous leader epoch was 1. (state.change.logger)
[2026-09-20 19:12:50,838] INFO [Broker id=3] Follower __consumer_offsets-13 starts at leader epoch 1 from offset 0 with partition epoch 1 and high watermark 0. Current leader is -1. Previous leader Some(-1) and previous leader epoch was 1. (state.change.logger)
[2026-09-20 19:12:50,838] INFO [Broker id=3] Follower __consumer_offsets-46 starts at leader epoch 1 from offset 2 with partition epoch 1 and high watermark 2. Current leader is -1. Previous leader Some(-1) and previous leader epoch was 1. (state.change.logger)
[2026-09-20 19:12:50,839] INFO [Broker id=3] Follower __consumer_offsets-11 starts at leader epoch 1 from offset 0 with partition epoch 1 and high watermark 0. Current leader is -1. Previous leader Some(-1) and previous leader epoch was 1. (state.change.logger)
[2026-09-20 19:12:50,839] INFO [Broker id=3] Follower __consumer_offsets-42 starts at leader epoch 1 from offset 0 with partition epoch 1 and high watermark 0. Current leader is -1. Previous leader Some(-1) and previous leader epoch was 1. (state.change.logger)
[2026-09-20 19:12:50,839] INFO [Broker id=3] Follower product-created-event-topic-0 starts at leader epoch 1 from offset 0 with partition epoch 1 and high watermark 0. Current leader is 1. Previous leader Some(1) and previous leader epoch was 1. (state.change.logger)
[2026-09-20 19:12:50,840] INFO [Broker id=3] Follower __consumer_offsets-21 starts at leader epoch 1 from offset 0 with partition epoch 1 and high watermark 0. Current leader is -1. Previous leader Some(-1) and previous leader epoch was 1. (state.change.logger)
[2026-09-20 19:12:50,849] INFO [Broker id=1] Leader product-created-event-topic-0 with topic id Some(Ln-oEbQUS2e3oo0OFWmq0w) starts at leader epoch 1 from offset 0 with partition epoch 1, high watermark 0, ISR [1,2], adding replicas [] and removing replicas [] . Previous leader Some(3) and previous leader epoch was 0. (state.change.logger)
[2026-09-20 19:12:50,865] INFO [Broker id=3] Skipped the become-follower state change for product-created-event-topic-2 with topic id Some(Ln-oEbQUS2e3oo0OFWmq0w) and partition state LeaderAndIsrPartitionState(topicName='product-created-event-topic', partitionIndex=2, controllerEpoch=-1, leader=2, leaderEpoch=0, isr=[2, 1], partitionEpoch=1, replicas=[2, 3, 1], addingReplicas=[], removingReplicas=[], isNew=false, leaderRecoveryState=0) since it is already a follower with leader epoch 0. (state.change.logger)
[2026-09-20 19:12:50,866] INFO [Broker id=3] Skipped the become-follower state change for product-created-event-topic-1 with topic id Some(Ln-oEbQUS2e3oo0OFWmq0w) and partition state LeaderAndIsrPartitionState(topicName='product-created-event-topic', partitionIndex=1, controllerEpoch=-1, leader=1, leaderEpoch=0, isr=[1, 2], partitionEpoch=1, replicas=[1, 2, 3], addingReplicas=[], removingReplicas=[], isNew=false, leaderRecoveryState=0) since it is already a follower with leader epoch 0. (state.change.logger)
[2026-09-20 19:12:50,867] INFO [Broker id=3] Follower __consumer_offsets-19 starts at leader epoch 1 from offset 0 with partition epoch 1 and high watermark 0. Current leader is -1. Previous leader Some(-1) and previous leader epoch was 1. (state.change.logger)
[2026-09-20 19:12:50,867] INFO [Broker id=3] Follower __consumer_offsets-30 starts at leader epoch 1 from offset 0 with partition epoch 1 and high watermark 0. Current leader is -1. Previous leader Some(-1) and previous leader epoch was 1. (state.change.logger)
[2026-09-20 19:12:50,868] INFO [Broker id=3] Follower __consumer_offsets-27 starts at leader epoch 1 from offset 0 with partition epoch 1 and high watermark 0. Current leader is -1. Previous leader Some(-1) and previous leader epoch was 1. (state.change.logger)
[2026-09-20 19:12:50,868] INFO [Broker id=3] Follower __consumer_offsets-26 starts at leader epoch 1 from offset 0 with partition epoch 1 and high watermark 0. Current leader is -1. Previous leader Some(-1) and previous leader epoch was 1. (state.change.logger)
[2026-09-20 19:12:50,869] INFO [Broker id=3] Follower __consumer_offsets-39 starts at leader epoch 1 from offset 4 with partition epoch 1 and high watermark 4. Current leader is -1. Previous leader Some(-1) and previous leader epoch was 1. (state.change.logger)
[2026-09-20 19:12:50,871] INFO [Broker id=3] Follower __consumer_offsets-8 starts at leader epoch 1 from offset 0 with partition epoch 1 and high watermark 0. Current leader is -1. Previous leader Some(-1) and previous leader epoch was 1. (state.change.logger)
[2026-09-20 19:12:50,871] INFO [Broker id=3] Follower __consumer_offsets-5 starts at leader epoch 1 from offset 0 with partition epoch 1 and high watermark 0. Current leader is -1. Previous leader Some(-1) and previous leader epoch was 1. (state.change.logger)
[2026-09-20 19:12:50,872] INFO [Broker id=2] Skipped the become-leader state change for product-created-event-topic-2 with topic id Some(Ln-oEbQUS2e3oo0OFWmq0w) and partition state LeaderAndIsrPartitionState(topicName='product-created-event-topic', partitionIndex=2, controllerEpoch=-1, leader=2, leaderEpoch=0, isr=[2, 1], partitionEpoch=1, replicas=[2, 3, 1], addingReplicas=[], removingReplicas=[], isNew=false, leaderRecoveryState=0) since it is already the leader with leader epoch 0. Current high watermark 1, ISR [2,1], adding replicas [] and removing replicas []. (state.change.logger)
[2026-09-20 19:12:50,873] INFO [Broker id=2] Transitioning 2 partition(s) to local followers. (state.change.logger)
[2026-09-20 19:12:50,873] INFO [Broker id=3] Follower __consumer_offsets-36 starts at leader epoch 1 from offset 0 with partition epoch 1 and high watermark 0. Current leader is -1. Previous leader Some(-1) and previous leader epoch was 1. (state.change.logger)
[2026-09-20 19:12:50,873] INFO [Broker id=2] Follower product-created-event-topic-0 starts at leader epoch 1 from offset 0 with partition epoch 1 and high watermark 0. Current leader is 1. Previous leader Some(1) and previous leader epoch was 1. (state.change.logger)
[2026-09-20 19:12:50,873] INFO [Broker id=3] Follower __consumer_offsets-1 starts at leader epoch 1 from offset 0 with partition epoch 1 and high watermark 0. Current leader is -1. Previous leader Some(-1) and previous leader epoch was 1. (state.change.logger)
[2026-09-20 19:12:50,875] INFO [Broker id=3] Follower __consumer_offsets-34 starts at leader epoch 1 from offset 0 with partition epoch 1 and high watermark 0. Current leader is -1. Previous leader Some(-1) and previous leader epoch was 1. (state.change.logger)
[2026-09-20 19:12:50,876] INFO [Broker id=2] Skipped the become-follower state change for product-created-event-topic-1 with topic id Some(Ln-oEbQUS2e3oo0OFWmq0w) and partition state LeaderAndIsrPartitionState(topicName='product-created-event-topic', partitionIndex=1, controllerEpoch=-1, leader=1, leaderEpoch=0, isr=[1, 2], partitionEpoch=1, replicas=[1, 2, 3], addingReplicas=[], removingReplicas=[], isNew=false, leaderRecoveryState=0) since it is already a follower with leader epoch 0. (state.change.logger)
[2026-09-20 19:12:50,881] INFO [Broker id=2] Stopped fetchers as part of become-follower for 1 partitions (state.change.logger)
[2026-09-20 19:12:50,885] INFO [Broker id=2] Started fetchers as part of become-follower for 1 partitions (state.change.logger)
[2026-09-20 19:12:50,888] INFO [Broker id=1] Skipped the become-leader state change for product-created-event-topic-1 with topic id Some(Ln-oEbQUS2e3oo0OFWmq0w) and partition state LeaderAndIsrPartitionState(topicName='product-created-event-topic', partitionIndex=1, controllerEpoch=-1, leader=1, leaderEpoch=0, isr=[1, 2], partitionEpoch=1, replicas=[1, 2, 3], addingReplicas=[], removingReplicas=[], isNew=false, leaderRecoveryState=0) since it is already the leader with leader epoch 0. Current high watermark 1, ISR [1,2], adding replicas [] and removing replicas []. (state.change.logger)
[2026-09-20 19:12:50,888] INFO [Broker id=1] Transitioning 1 partition(s) to local followers. (state.change.logger)
[2026-09-20 19:12:50,890] INFO [Broker id=1] Skipped the become-follower state change for product-created-event-topic-2 with topic id Some(Ln-oEbQUS2e3oo0OFWmq0w) and partition state LeaderAndIsrPartitionState(topicName='product-created-event-topic', partitionIndex=2, controllerEpoch=-1, leader=2, leaderEpoch=0, isr=[2, 1], partitionEpoch=1, replicas=[2, 3, 1], addingReplicas=[], removingReplicas=[], isNew=false, leaderRecoveryState=0) since it is already a follower with leader epoch 0. (state.change.logger)
[2026-09-20 19:12:50,965] INFO [Broker id=3] Stopped fetchers as part of controlled shutdown for 20 partitions (state.change.logger)
[2026-09-20 19:14:50,207] INFO [Broker id=3] Transitioning 20 partition(s) to local followers. (state.change.logger)
[2026-09-20 19:14:50,211] INFO [Broker id=3] Creating new partition __consumer_offsets-16 with topic id ZQ9spsTZQe6JoIJ78kDVxA. (state.change.logger)
[2026-09-20 19:14:50,257] INFO [Broker id=3] Follower __consumer_offsets-16 starts at leader epoch 1 from offset 0 with partition epoch 1 and high watermark 0. Current leader is -1. Previous leader Some(-1) and previous leader epoch was 1. (state.change.logger)
[2026-09-20 19:14:50,257] INFO [Broker id=3] Creating new partition __consumer_offsets-48 with topic id ZQ9spsTZQe6JoIJ78kDVxA. (state.change.logger)
[2026-09-20 19:14:50,259] INFO [Broker id=3] Follower __consumer_offsets-48 starts at leader epoch 1 from offset 0 with partition epoch 1 and high watermark 0. Current leader is -1. Previous leader Some(-1) and previous leader epoch was 1. (state.change.logger)
[2026-09-20 19:14:50,259] INFO [Broker id=3] Creating new partition __consumer_offsets-13 with topic id ZQ9spsTZQe6JoIJ78kDVxA. (state.change.logger)
[2026-09-20 19:14:50,261] INFO [Broker id=3] Follower __consumer_offsets-13 starts at leader epoch 1 from offset 0 with partition epoch 1 and high watermark 0. Current leader is -1. Previous leader Some(-1) and previous leader epoch was 1. (state.change.logger)
[2026-09-20 19:14:50,261] INFO [Broker id=3] Creating new partition __consumer_offsets-46 with topic id ZQ9spsTZQe6JoIJ78kDVxA. (state.change.logger)
[2026-09-20 19:14:50,262] INFO [Broker id=3] Follower __consumer_offsets-46 starts at leader epoch 1 from offset 2 with partition epoch 1 and high watermark 2. Current leader is -1. Previous leader Some(-1) and previous leader epoch was 1. (state.change.logger)
[2026-09-20 19:14:50,262] INFO [Broker id=3] Creating new partition __consumer_offsets-11 with topic id ZQ9spsTZQe6JoIJ78kDVxA. (state.change.logger)
[2026-09-20 19:14:50,265] INFO [Broker id=3] Follower __consumer_offsets-11 starts at leader epoch 1 from offset 0 with partition epoch 1 and high watermark 0. Current leader is -1. Previous leader Some(-1) and previous leader epoch was 1. (state.change.logger)
[2026-09-20 19:14:50,265] INFO [Broker id=3] Creating new partition __consumer_offsets-42 with topic id ZQ9spsTZQe6JoIJ78kDVxA. (state.change.logger)
[2026-09-20 19:14:50,267] INFO [Broker id=3] Follower __consumer_offsets-42 starts at leader epoch 1 from offset 0 with partition epoch 1 and high watermark 0. Current leader is -1. Previous leader Some(-1) and previous leader epoch was 1. (state.change.logger)
[2026-09-20 19:14:50,267] INFO [Broker id=3] Creating new partition product-created-event-topic-0 with topic id Ln-oEbQUS2e3oo0OFWmq0w. (state.change.logger)
[2026-09-20 19:14:50,269] INFO [Broker id=3] Follower product-created-event-topic-0 starts at leader epoch 1 from offset 0 with partition epoch 1 and high watermark 0. Current leader is 1. Previous leader Some(1) and previous leader epoch was 1. (state.change.logger)
[2026-09-20 19:14:50,269] INFO [Broker id=3] Creating new partition __consumer_offsets-21 with topic id ZQ9spsTZQe6JoIJ78kDVxA. (state.change.logger)
[2026-09-20 19:14:50,270] INFO [Broker id=3] Follower __consumer_offsets-21 starts at leader epoch 1 from offset 0 with partition epoch 1 and high watermark 0. Current leader is -1. Previous leader Some(-1) and previous leader epoch was 1. (state.change.logger)
[2026-09-20 19:14:50,271] INFO [Broker id=3] Creating new partition product-created-event-topic-2 with topic id Ln-oEbQUS2e3oo0OFWmq0w. (state.change.logger)
[2026-09-20 19:14:50,272] INFO [Broker id=3] Follower product-created-event-topic-2 starts at leader epoch 0 from offset 1 with partition epoch 1 and high watermark 1. Current leader is 2. Previous leader Some(2) and previous leader epoch was 0. (state.change.logger)
[2026-09-20 19:14:50,273] INFO [Broker id=3] Creating new partition product-created-event-topic-1 with topic id Ln-oEbQUS2e3oo0OFWmq0w. (state.change.logger)
[2026-09-20 19:14:50,275] INFO [Broker id=3] Follower product-created-event-topic-1 starts at leader epoch 0 from offset 1 with partition epoch 1 and high watermark 1. Current leader is 1. Previous leader Some(1) and previous leader epoch was 0. (state.change.logger)
[2026-09-20 19:14:50,275] INFO [Broker id=3] Creating new partition __consumer_offsets-19 with topic id ZQ9spsTZQe6JoIJ78kDVxA. (state.change.logger)
[2026-09-20 19:14:50,278] INFO [Broker id=3] Follower __consumer_offsets-19 starts at leader epoch 1 from offset 0 with partition epoch 1 and high watermark 0. Current leader is -1. Previous leader Some(-1) and previous leader epoch was 1. (state.change.logger)
[2026-09-20 19:14:50,278] INFO [Broker id=3] Creating new partition __consumer_offsets-30 with topic id ZQ9spsTZQe6JoIJ78kDVxA. (state.change.logger)
[2026-09-20 19:14:50,280] INFO [Broker id=3] Follower __consumer_offsets-30 starts at leader epoch 1 from offset 0 with partition epoch 1 and high watermark 0. Current leader is -1. Previous leader Some(-1) and previous leader epoch was 1. (state.change.logger)
[2026-09-20 19:14:50,281] INFO [Broker id=3] Creating new partition __consumer_offsets-27 with topic id ZQ9spsTZQe6JoIJ78kDVxA. (state.change.logger)
[2026-09-20 19:14:50,285] INFO [Broker id=3] Follower __consumer_offsets-27 starts at leader epoch 1 from offset 0 with partition epoch 1 and high watermark 0. Current leader is -1. Previous leader Some(-1) and previous leader epoch was 1. (state.change.logger)
[2026-09-20 19:14:50,285] INFO [Broker id=3] Creating new partition __consumer_offsets-26 with topic id ZQ9spsTZQe6JoIJ78kDVxA. (state.change.logger)
[2026-09-20 19:14:50,287] INFO [Broker id=3] Follower __consumer_offsets-26 starts at leader epoch 1 from offset 0 with partition epoch 1 and high watermark 0. Current leader is -1. Previous leader Some(-1) and previous leader epoch was 1. (state.change.logger)
[2026-09-20 19:14:50,288] INFO [Broker id=3] Creating new partition __consumer_offsets-39 with topic id ZQ9spsTZQe6JoIJ78kDVxA. (state.change.logger)
[2026-09-20 19:14:50,290] INFO [Broker id=3] Follower __consumer_offsets-39 starts at leader epoch 1 from offset 4 with partition epoch 1 and high watermark 4. Current leader is -1. Previous leader Some(-1) and previous leader epoch was 1. (state.change.logger)
[2026-09-20 19:14:50,291] INFO [Broker id=3] Creating new partition __consumer_offsets-8 with topic id ZQ9spsTZQe6JoIJ78kDVxA. (state.change.logger)
[2026-09-20 19:14:50,292] INFO [Broker id=3] Follower __consumer_offsets-8 starts at leader epoch 1 from offset 0 with partition epoch 1 and high watermark 0. Current leader is -1. Previous leader Some(-1) and previous leader epoch was 1. (state.change.logger)
[2026-09-20 19:14:50,292] INFO [Broker id=3] Creating new partition __consumer_offsets-5 with topic id ZQ9spsTZQe6JoIJ78kDVxA. (state.change.logger)
[2026-09-20 19:14:50,294] INFO [Broker id=3] Follower __consumer_offsets-5 starts at leader epoch 1 from offset 0 with partition epoch 1 and high watermark 0. Current leader is -1. Previous leader Some(-1) and previous leader epoch was 1. (state.change.logger)
[2026-09-20 19:14:50,294] INFO [Broker id=3] Creating new partition __consumer_offsets-36 with topic id ZQ9spsTZQe6JoIJ78kDVxA. (state.change.logger)
[2026-09-20 19:14:50,297] INFO [Broker id=3] Follower __consumer_offsets-36 starts at leader epoch 1 from offset 0 with partition epoch 1 and high watermark 0. Current leader is -1. Previous leader Some(-1) and previous leader epoch was 1. (state.change.logger)
[2026-09-20 19:14:50,297] INFO [Broker id=3] Creating new partition __consumer_offsets-1 with topic id ZQ9spsTZQe6JoIJ78kDVxA. (state.change.logger)
[2026-09-20 19:14:50,299] INFO [Broker id=3] Follower __consumer_offsets-1 starts at leader epoch 1 from offset 0 with partition epoch 1 and high watermark 0. Current leader is -1. Previous leader Some(-1) and previous leader epoch was 1. (state.change.logger)
[2026-09-20 19:14:50,300] INFO [Broker id=3] Creating new partition __consumer_offsets-34 with topic id ZQ9spsTZQe6JoIJ78kDVxA. (state.change.logger)
[2026-09-20 19:14:50,303] INFO [Broker id=3] Follower __consumer_offsets-34 starts at leader epoch 1 from offset 0 with partition epoch 1 and high watermark 0. Current leader is -1. Previous leader Some(-1) and previous leader epoch was 1. (state.change.logger)
[2026-09-20 19:14:50,306] INFO [Broker id=3] Stopped fetchers as part of become-follower for 20 partitions (state.change.logger)
[2026-09-20 19:14:50,366] INFO [Broker id=3] Started fetchers as part of become-follower for 20 partitions (state.change.logger)
[2026-09-20 19:14:50,559] INFO [Broker id=3] Transitioning 17 partition(s) to local leaders. (state.change.logger)
[2026-09-20 19:14:50,578] INFO [Broker id=3] Leader __consumer_offsets-16 with topic id Some(ZQ9spsTZQe6JoIJ78kDVxA) starts at leader epoch 2 from offset 0 with partition epoch 2, high watermark 0, ISR [3], adding replicas [] and removing replicas [] . Previous leader Some(-1) and previous leader epoch was 1. (state.change.logger)
[2026-09-20 19:14:50,585] INFO [Broker id=3] Leader __consumer_offsets-48 with topic id Some(ZQ9spsTZQe6JoIJ78kDVxA) starts at leader epoch 2 from offset 0 with partition epoch 2, high watermark 0, ISR [3], adding replicas [] and removing replicas [] . Previous leader Some(-1) and previous leader epoch was 1. (state.change.logger)
[2026-09-20 19:14:50,588] INFO [Broker id=3] Leader __consumer_offsets-13 with topic id Some(ZQ9spsTZQe6JoIJ78kDVxA) starts at leader epoch 2 from offset 0 with partition epoch 2, high watermark 0, ISR [3], adding replicas [] and removing replicas [] . Previous leader Some(-1) and previous leader epoch was 1. (state.change.logger)
[2026-09-20 19:14:50,592] INFO [Broker id=3] Leader __consumer_offsets-46 with topic id Some(ZQ9spsTZQe6JoIJ78kDVxA) starts at leader epoch 2 from offset 2 with partition epoch 2, high watermark 2, ISR [3], adding replicas [] and removing replicas [] . Previous leader Some(-1) and previous leader epoch was 1. (state.change.logger)
[2026-09-20 19:14:50,595] INFO [Broker id=3] Leader __consumer_offsets-11 with topic id Some(ZQ9spsTZQe6JoIJ78kDVxA) starts at leader epoch 2 from offset 0 with partition epoch 2, high watermark 0, ISR [3], adding replicas [] and removing replicas [] . Previous leader Some(-1) and previous leader epoch was 1. (state.change.logger)
[2026-09-20 19:14:50,602] INFO [Broker id=3] Leader __consumer_offsets-42 with topic id Some(ZQ9spsTZQe6JoIJ78kDVxA) starts at leader epoch 2 from offset 0 with partition epoch 2, high watermark 0, ISR [3], adding replicas [] and removing replicas [] . Previous leader Some(-1) and previous leader epoch was 1. (state.change.logger)
[2026-09-20 19:14:50,606] INFO [Broker id=3] Leader __consumer_offsets-21 with topic id Some(ZQ9spsTZQe6JoIJ78kDVxA) starts at leader epoch 2 from offset 0 with partition epoch 2, high watermark 0, ISR [3], adding replicas [] and removing replicas [] . Previous leader Some(-1) and previous leader epoch was 1. (state.change.logger)
[2026-09-20 19:14:50,610] INFO [Broker id=3] Leader __consumer_offsets-19 with topic id Some(ZQ9spsTZQe6JoIJ78kDVxA) starts at leader epoch 2 from offset 0 with partition epoch 2, high watermark 0, ISR [3], adding replicas [] and removing replicas [] . Previous leader Some(-1) and previous leader epoch was 1. (state.change.logger)
[2026-09-20 19:14:50,614] INFO [Broker id=3] Leader __consumer_offsets-30 with topic id Some(ZQ9spsTZQe6JoIJ78kDVxA) starts at leader epoch 2 from offset 0 with partition epoch 2, high watermark 0, ISR [3], adding replicas [] and removing replicas [] . Previous leader Some(-1) and previous leader epoch was 1. (state.change.logger)
[2026-09-20 19:14:50,618] INFO [Broker id=3] Leader __consumer_offsets-27 with topic id Some(ZQ9spsTZQe6JoIJ78kDVxA) starts at leader epoch 2 from offset 0 with partition epoch 2, high watermark 0, ISR [3], adding replicas [] and removing replicas [] . Previous leader Some(-1) and previous leader epoch was 1. (state.change.logger)
[2026-09-20 19:14:50,622] INFO [Broker id=3] Leader __consumer_offsets-26 with topic id Some(ZQ9spsTZQe6JoIJ78kDVxA) starts at leader epoch 2 from offset 0 with partition epoch 2, high watermark 0, ISR [3], adding replicas [] and removing replicas [] . Previous leader Some(-1) and previous leader epoch was 1. (state.change.logger)
[2026-09-20 19:14:50,625] INFO [Broker id=3] Leader __consumer_offsets-39 with topic id Some(ZQ9spsTZQe6JoIJ78kDVxA) starts at leader epoch 2 from offset 4 with partition epoch 2, high watermark 4, ISR [3], adding replicas [] and removing replicas [] . Previous leader Some(-1) and previous leader epoch was 1. (state.change.logger)
[2026-09-20 19:14:50,628] INFO [Broker id=3] Leader __consumer_offsets-8 with topic id Some(ZQ9spsTZQe6JoIJ78kDVxA) starts at leader epoch 2 from offset 0 with partition epoch 2, high watermark 0, ISR [3], adding replicas [] and removing replicas [] . Previous leader Some(-1) and previous leader epoch was 1. (state.change.logger)
[2026-09-20 19:14:50,631] INFO [Broker id=3] Leader __consumer_offsets-5 with topic id Some(ZQ9spsTZQe6JoIJ78kDVxA) starts at leader epoch 2 from offset 0 with partition epoch 2, high watermark 0, ISR [3], adding replicas [] and removing replicas [] . Previous leader Some(-1) and previous leader epoch was 1. (state.change.logger)
[2026-09-20 19:14:50,635] INFO [Broker id=3] Leader __consumer_offsets-36 with topic id Some(ZQ9spsTZQe6JoIJ78kDVxA) starts at leader epoch 2 from offset 0 with partition epoch 2, high watermark 0, ISR [3], adding replicas [] and removing replicas [] . Previous leader Some(-1) and previous leader epoch was 1. (state.change.logger)
[2026-09-20 19:14:50,638] INFO [Broker id=3] Leader __consumer_offsets-1 with topic id Some(ZQ9spsTZQe6JoIJ78kDVxA) starts at leader epoch 2 from offset 0 with partition epoch 2, high watermark 0, ISR [3], adding replicas [] and removing replicas [] . Previous leader Some(-1) and previous leader epoch was 1. (state.change.logger)
[2026-09-20 19:14:50,641] INFO [Broker id=3] Leader __consumer_offsets-34 with topic id Some(ZQ9spsTZQe6JoIJ78kDVxA) starts at leader epoch 2 from offset 0 with partition epoch 2, high watermark 0, ISR [3], adding replicas [] and removing replicas [] . Previous leader Some(-1) and previous leader epoch was 1. (state.change.logger)
[2026-09-20 19:14:50,989] INFO [Broker id=1] Transitioning 1 partition(s) to local leaders. (state.change.logger)
[2026-09-20 19:14:50,990] INFO [Broker id=2] Transitioning 1 partition(s) to local leaders. (state.change.logger)
[2026-09-20 19:14:50,993] INFO [Broker id=1] Skipped the become-leader state change for product-created-event-topic-0 with topic id Some(Ln-oEbQUS2e3oo0OFWmq0w) and partition state LeaderAndIsrPartitionState(topicName='product-created-event-topic', partitionIndex=0, controllerEpoch=-1, leader=1, leaderEpoch=1, isr=[1, 2, 3], partitionEpoch=2, replicas=[3, 1, 2], addingReplicas=[], removingReplicas=[], isNew=false, leaderRecoveryState=0) since it is already the leader with leader epoch 1. Current high watermark 2, ISR [1,2,3], adding replicas [] and removing replicas []. (state.change.logger)
[2026-09-20 19:14:50,994] INFO [Broker id=1] Transitioning 1 partition(s) to local followers. (state.change.logger)
[2026-09-20 19:14:50,994] INFO [Broker id=1] Skipped the become-follower state change for product-created-event-topic-2 with topic id Some(Ln-oEbQUS2e3oo0OFWmq0w) and partition state LeaderAndIsrPartitionState(topicName='product-created-event-topic', partitionIndex=2, controllerEpoch=-1, leader=2, leaderEpoch=0, isr=[2, 1, 3], partitionEpoch=2, replicas=[2, 3, 1], addingReplicas=[], removingReplicas=[], isNew=false, leaderRecoveryState=0) since it is already a follower with leader epoch 0. (state.change.logger)
[2026-09-20 19:14:50,994] INFO [Broker id=3] Transitioning 2 partition(s) to local followers. (state.change.logger)
[2026-09-20 19:14:50,996] INFO [Broker id=2] Skipped the become-leader state change for product-created-event-topic-2 with topic id Some(Ln-oEbQUS2e3oo0OFWmq0w) and partition state LeaderAndIsrPartitionState(topicName='product-created-event-topic', partitionIndex=2, controllerEpoch=-1, leader=2, leaderEpoch=0, isr=[2, 1, 3], partitionEpoch=2, replicas=[2, 3, 1], addingReplicas=[], removingReplicas=[], isNew=false, leaderRecoveryState=0) since it is already the leader with leader epoch 0. Current high watermark 2, ISR [2,1,3], adding replicas [] and removing replicas []. (state.change.logger)
[2026-09-20 19:14:50,997] INFO [Broker id=2] Transitioning 1 partition(s) to local followers. (state.change.logger)
[2026-09-20 19:14:50,997] INFO [Broker id=2] Skipped the become-follower state change for product-created-event-topic-0 with topic id Some(Ln-oEbQUS2e3oo0OFWmq0w) and partition state LeaderAndIsrPartitionState(topicName='product-created-event-topic', partitionIndex=0, controllerEpoch=-1, leader=1, leaderEpoch=1, isr=[1, 2, 3], partitionEpoch=2, replicas=[3, 1, 2], addingReplicas=[], removingReplicas=[], isNew=false, leaderRecoveryState=0) since it is already a follower with leader epoch 1. (state.change.logger)
[2026-09-20 19:14:51,008] INFO [Broker id=3] Skipped the become-follower state change for product-created-event-topic-0 with topic id Some(Ln-oEbQUS2e3oo0OFWmq0w) and partition state LeaderAndIsrPartitionState(topicName='product-created-event-topic', partitionIndex=0, controllerEpoch=-1, leader=1, leaderEpoch=1, isr=[1, 2, 3], partitionEpoch=2, replicas=[3, 1, 2], addingReplicas=[], removingReplicas=[], isNew=false, leaderRecoveryState=0) since it is already a follower with leader epoch 1. (state.change.logger)
[2026-09-20 19:14:51,008] INFO [Broker id=3] Skipped the become-follower state change for product-created-event-topic-2 with topic id Some(Ln-oEbQUS2e3oo0OFWmq0w) and partition state LeaderAndIsrPartitionState(topicName='product-created-event-topic', partitionIndex=2, controllerEpoch=-1, leader=2, leaderEpoch=0, isr=[2, 1, 3], partitionEpoch=2, replicas=[2, 3, 1], addingReplicas=[], removingReplicas=[], isNew=false, leaderRecoveryState=0) since it is already a follower with leader epoch 0. (state.change.logger)
[2026-09-20 19:14:51,032] INFO [Broker id=1] Transitioning 1 partition(s) to local leaders. (state.change.logger)
[2026-09-20 19:14:51,033] INFO [Broker id=2] Transitioning 1 partition(s) to local followers. (state.change.logger)
[2026-09-20 19:14:51,033] INFO [Broker id=2] Skipped the become-follower state change for product-created-event-topic-1 with topic id Some(Ln-oEbQUS2e3oo0OFWmq0w) and partition state LeaderAndIsrPartitionState(topicName='product-created-event-topic', partitionIndex=1, controllerEpoch=-1, leader=1, leaderEpoch=0, isr=[1, 2, 3], partitionEpoch=2, replicas=[1, 2, 3], addingReplicas=[], removingReplicas=[], isNew=false, leaderRecoveryState=0) since it is already a follower with leader epoch 0. (state.change.logger)
[2026-09-20 19:14:51,035] INFO [Broker id=3] Transitioning 1 partition(s) to local followers. (state.change.logger)
[2026-09-20 19:14:51,036] INFO [Broker id=3] Skipped the become-follower state change for product-created-event-topic-1 with topic id Some(Ln-oEbQUS2e3oo0OFWmq0w) and partition state LeaderAndIsrPartitionState(topicName='product-created-event-topic', partitionIndex=1, controllerEpoch=-1, leader=1, leaderEpoch=0, isr=[1, 2, 3], partitionEpoch=2, replicas=[1, 2, 3], addingReplicas=[], removingReplicas=[], isNew=false, leaderRecoveryState=0) since it is already a follower with leader epoch 0. (state.change.logger)
[2026-09-20 19:14:51,036] INFO [Broker id=1] Skipped the become-leader state change for product-created-event-topic-1 with topic id Some(Ln-oEbQUS2e3oo0OFWmq0w) and partition state LeaderAndIsrPartitionState(topicName='product-created-event-topic', partitionIndex=1, controllerEpoch=-1, leader=1, leaderEpoch=0, isr=[1, 2, 3], partitionEpoch=2, replicas=[1, 2, 3], addingReplicas=[], removingReplicas=[], isNew=false, leaderRecoveryState=0) since it is already the leader with leader epoch 0. Current high watermark 1, ISR [1,2,3], adding replicas [] and removing replicas []. (state.change.logger)
[2026-09-20 19:15:24,396] INFO [Broker id=1] Transitioning 1 partition(s) to local followers. (state.change.logger)
[2026-09-20 19:15:24,398] INFO [Broker id=1] Follower product-created-event-topic-0 starts at leader epoch 2 from offset 2 with partition epoch 3 and high watermark 2. Current leader is 3. Previous leader Some(3) and previous leader epoch was 2. (state.change.logger)
[2026-09-20 19:15:24,396] INFO [Broker id=2] Transitioning 1 partition(s) to local followers. (state.change.logger)
[2026-09-20 19:15:24,401] INFO [Broker id=2] Follower product-created-event-topic-0 starts at leader epoch 2 from offset 2 with partition epoch 3 and high watermark 2. Current leader is 3. Previous leader Some(3) and previous leader epoch was 2. (state.change.logger)
[2026-09-20 19:15:24,402] INFO [Broker id=1] Stopped fetchers as part of become-follower for 1 partitions (state.change.logger)
[2026-09-20 19:15:24,401] INFO [Broker id=3] Transitioning 1 partition(s) to local leaders. (state.change.logger)
[2026-09-20 19:15:24,408] INFO [Broker id=2] Stopped fetchers as part of become-follower for 1 partitions (state.change.logger)
[2026-09-20 19:15:24,426] INFO [Broker id=3] Leader product-created-event-topic-0 with topic id Some(Ln-oEbQUS2e3oo0OFWmq0w) starts at leader epoch 2 from offset 2 with partition epoch 3, high watermark 2, ISR [1,2,3], adding replicas [] and removing replicas [] . Previous leader Some(1) and previous leader epoch was 1. (state.change.logger)
[2026-09-20 19:15:24,454] INFO [Broker id=2] Started fetchers as part of become-follower for 1 partitions (state.change.logger)
[2026-09-20 19:15:24,455] INFO [Broker id=1] Started fetchers as part of become-follower for 1 partitions (state.change.logger)
[2026-09-20 19:42:46,377] INFO [Broker id=1] Transitioning 1 partition(s) to local leaders. (state.change.logger)
[2026-09-20 19:42:46,381] INFO [Broker id=3] Transitioning 1 partition(s) to local leaders. (state.change.logger)
[2026-09-20 19:42:46,388] INFO [Broker id=1] Creating new partition product-created-events-topic-0 with topic id XUVDSuRGShu_axH298VWcg. (state.change.logger)
[2026-09-20 19:42:46,389] INFO [Broker id=3] Creating new partition product-created-events-topic-2 with topic id XUVDSuRGShu_axH298VWcg. (state.change.logger)
[2026-09-20 19:42:46,394] INFO [Broker id=2] Transitioning 1 partition(s) to local leaders. (state.change.logger)
[2026-09-20 19:42:46,399] INFO [Broker id=2] Creating new partition product-created-events-topic-1 with topic id XUVDSuRGShu_axH298VWcg. (state.change.logger)
[2026-09-20 19:42:46,582] INFO [Broker id=1] Leader product-created-events-topic-0 with topic id Some(XUVDSuRGShu_axH298VWcg) starts at leader epoch 0 from offset 0 with partition epoch 0, high watermark 0, ISR [1,2,3], adding replicas [] and removing replicas [] . Previous leader None and previous leader epoch was -1. (state.change.logger)
[2026-09-20 19:42:46,583] INFO [Broker id=2] Leader product-created-events-topic-1 with topic id Some(XUVDSuRGShu_axH298VWcg) starts at leader epoch 0 from offset 0 with partition epoch 0, high watermark 0, ISR [2,3,1], adding replicas [] and removing replicas [] . Previous leader None and previous leader epoch was -1. (state.change.logger)
[2026-09-20 19:42:46,586] INFO [Broker id=3] Leader product-created-events-topic-2 with topic id Some(XUVDSuRGShu_axH298VWcg) starts at leader epoch 0 from offset 0 with partition epoch 0, high watermark 0, ISR [3,1,2], adding replicas [] and removing replicas [] . Previous leader None and previous leader epoch was -1. (state.change.logger)
[2026-09-20 19:42:46,589] INFO [Broker id=1] Transitioning 2 partition(s) to local followers. (state.change.logger)
[2026-09-20 19:42:46,589] INFO [Broker id=1] Creating new partition product-created-events-topic-1 with topic id XUVDSuRGShu_axH298VWcg. (state.change.logger)
[2026-09-20 19:42:46,592] INFO [Broker id=2] Transitioning 2 partition(s) to local followers. (state.change.logger)
[2026-09-20 19:42:46,593] INFO [Broker id=2] Creating new partition product-created-events-topic-0 with topic id XUVDSuRGShu_axH298VWcg. (state.change.logger)
[2026-09-20 19:42:46,610] INFO [Broker id=3] Transitioning 2 partition(s) to local followers. (state.change.logger)
[2026-09-20 19:42:46,610] INFO [Broker id=3] Creating new partition product-created-events-topic-0 with topic id XUVDSuRGShu_axH298VWcg. (state.change.logger)
[2026-09-20 19:42:46,659] INFO [Broker id=2] Follower product-created-events-topic-0 starts at leader epoch 0 from offset 0 with partition epoch 0 and high watermark 0. Current leader is 1. Previous leader Some(1) and previous leader epoch was 0. (state.change.logger)
[2026-09-20 19:42:46,659] INFO [Broker id=2] Creating new partition product-created-events-topic-2 with topic id XUVDSuRGShu_axH298VWcg. (state.change.logger)
[2026-09-20 19:42:46,720] INFO [Broker id=3] Follower product-created-events-topic-0 starts at leader epoch 0 from offset 0 with partition epoch 0 and high watermark 0. Current leader is 1. Previous leader Some(1) and previous leader epoch was 0. (state.change.logger)
[2026-09-20 19:42:46,720] INFO [Broker id=3] Creating new partition product-created-events-topic-1 with topic id XUVDSuRGShu_axH298VWcg. (state.change.logger)
[2026-09-20 19:42:46,724] INFO [Broker id=1] Follower product-created-events-topic-1 starts at leader epoch 0 from offset 0 with partition epoch 0 and high watermark 0. Current leader is 2. Previous leader Some(2) and previous leader epoch was 0. (state.change.logger)
[2026-09-20 19:42:46,725] INFO [Broker id=1] Creating new partition product-created-events-topic-2 with topic id XUVDSuRGShu_axH298VWcg. (state.change.logger)
[2026-09-20 19:42:46,735] INFO [Broker id=2] Follower product-created-events-topic-2 starts at leader epoch 0 from offset 0 with partition epoch 0 and high watermark 0. Current leader is 3. Previous leader Some(3) and previous leader epoch was 0. (state.change.logger)
[2026-09-20 19:42:46,736] INFO [Broker id=2] Stopped fetchers as part of become-follower for 2 partitions (state.change.logger)
[2026-09-20 19:42:46,757] INFO [Broker id=2] Started fetchers as part of become-follower for 2 partitions (state.change.logger)
[2026-09-20 19:42:46,772] INFO [Broker id=3] Follower product-created-events-topic-1 starts at leader epoch 0 from offset 0 with partition epoch 0 and high watermark 0. Current leader is 2. Previous leader Some(2) and previous leader epoch was 0. (state.change.logger)
[2026-09-20 19:42:46,774] INFO [Broker id=3] Stopped fetchers as part of become-follower for 2 partitions (state.change.logger)
[2026-09-20 19:42:46,776] INFO [Broker id=1] Follower product-created-events-topic-2 starts at leader epoch 0 from offset 0 with partition epoch 0 and high watermark 0. Current leader is 3. Previous leader Some(3) and previous leader epoch was 0. (state.change.logger)
[2026-09-20 19:42:46,782] INFO [Broker id=1] Stopped fetchers as part of become-follower for 2 partitions (state.change.logger)
[2026-09-20 19:42:46,784] INFO [Broker id=3] Started fetchers as part of become-follower for 2 partitions (state.change.logger)
[2026-09-20 19:42:46,797] INFO [Broker id=1] Started fetchers as part of become-follower for 2 partitions (state.change.logger)
